Archive member included to satisfy reference by file (symbol)

../toto1_bsp//libhal_bsp.a(alt_load.o)
                              ../toto1_bsp//obj/HAL/src/crt0.o (alt_load)
../toto1_bsp//libhal_bsp.a(alt_main.o)
                              ../toto1_bsp//obj/HAL/src/crt0.o (alt_main)
../toto1_bsp//libhal_bsp.a(alt_putstr.o)
                              obj/default/hello_world_small.o (alt_putstr)
../toto1_bsp//libhal_bsp.a(alt_sys_init.o)
                              ../toto1_bsp//libhal_bsp.a(alt_main.o) (alt_irq_init)
../toto1_bsp//libhal_bsp.a(altera_avalon_jtag_uart_write.o)
                              ../toto1_bsp//libhal_bsp.a(alt_putstr.o) (altera_avalon_jtag_uart_write)
../toto1_bsp//libhal_bsp.a(alt_dcache_flush_all.o)
                              ../toto1_bsp//libhal_bsp.a(alt_load.o) (alt_dcache_flush_all)
../toto1_bsp//libhal_bsp.a(alt_icache_flush_all.o)
                              ../toto1_bsp//libhal_bsp.a(alt_load.o) (alt_icache_flush_all)
../toto1_bsp//libhal_bsp.a(altera_nios2_gen2_irq.o)
                              ../toto1_bsp//libhal_bsp.a(alt_sys_init.o) (altera_nios2_gen2_irq_init)
/opt/Quartus/Quartus_20_1_1_nios_eds/nios2eds/bin/gnu/H-x86_64-pc-linux-gnu/bin/../lib/gcc/nios2-elf/10.1.1/../../../../../H-x86_64-pc-linux-gnu/nios2-elf/lib/mno-hw-mul/libsmallc.a(lib_a-memcpy.o)
                              ../toto1_bsp//libhal_bsp.a(alt_load.o) (memcpy)
/opt/Quartus/Quartus_20_1_1_nios_eds/nios2eds/bin/gnu/H-x86_64-pc-linux-gnu/bin/../lib/gcc/nios2-elf/10.1.1/../../../../../H-x86_64-pc-linux-gnu/nios2-elf/lib/mno-hw-mul/libsmallc.a(lib_a-strlen.o)
                              ../toto1_bsp//libhal_bsp.a(alt_putstr.o) (strlen)

Memory Configuration

Name             Origin             Length             Attributes
reset            0x0000000000040000 0x0000000000000020
onchip_memory2_0 0x0000000000040020 0x0000000000031fe0
*default*        0x0000000000000000 0xffffffffffffffff

Linker script and memory map

LOAD ../toto1_bsp//obj/HAL/src/crt0.o
LOAD obj/default/hello_world_small.o
LOAD /opt/Quartus/Quartus_20_1_1_nios_eds/nios2eds/bin/gnu/H-x86_64-pc-linux-gnu/bin/../lib/gcc/nios2-elf/10.1.1/../../../../../H-x86_64-pc-linux-gnu/nios2-elf/lib/mno-hw-mul/libstdc++.a
LOAD /opt/Quartus/Quartus_20_1_1_nios_eds/nios2eds/bin/gnu/H-x86_64-pc-linux-gnu/bin/../lib/gcc/nios2-elf/10.1.1/../../../../../H-x86_64-pc-linux-gnu/nios2-elf/lib/mno-hw-mul/libm.a
LOAD /opt/Quartus/Quartus_20_1_1_nios_eds/nios2eds/bin/gnu/H-x86_64-pc-linux-gnu/bin/../lib/gcc/nios2-elf/10.1.1/mno-hw-mul/libgcc.a
START GROUP
LOAD /opt/Quartus/Quartus_20_1_1_nios_eds/nios2eds/bin/gnu/H-x86_64-pc-linux-gnu/bin/../lib/gcc/nios2-elf/10.1.1/../../../../../H-x86_64-pc-linux-gnu/nios2-elf/lib/mno-hw-mul/libsmallc.a
LOAD /opt/Quartus/Quartus_20_1_1_nios_eds/nios2eds/bin/gnu/H-x86_64-pc-linux-gnu/bin/../lib/gcc/nios2-elf/10.1.1/mno-hw-mul/libgcc.a
LOAD ../toto1_bsp//libhal_bsp.a
LOAD /opt/Quartus/Quartus_20_1_1_nios_eds/nios2eds/bin/gnu/H-x86_64-pc-linux-gnu/bin/../lib/gcc/nios2-elf/10.1.1/../../../../../H-x86_64-pc-linux-gnu/nios2-elf/lib/mno-hw-mul/libm.a
END GROUP
LOAD /opt/Quartus/Quartus_20_1_1_nios_eds/nios2eds/bin/gnu/H-x86_64-pc-linux-gnu/bin/../lib/gcc/nios2-elf/10.1.1/mno-hw-mul/libgcc.a
                0x0000000000040000                __alt_mem_onchip_memory2_0 = 0x40000

.entry          0x0000000000040000       0x20
 *(.entry)
 .entry         0x0000000000040000       0x20 ../toto1_bsp//obj/HAL/src/crt0.o
                0x0000000000040000                __reset
                0x000000000004000c                _exit

.exceptions     0x0000000000040020        0x0
                0x0000000000040020                PROVIDE (__ram_exceptions_start = ABSOLUTE (.))
                0x0000000000040020                . = ALIGN (0x20)
 *(.irq)
 *(.exceptions.entry.label)
 *(.exceptions.entry.user)
 *(.exceptions.entry.ecc_fatal)
 *(.exceptions.entry)
 *(.exceptions.irqtest.user)
 *(.exceptions.irqtest)
 *(.exceptions.irqhandler.user)
 *(.exceptions.irqhandler)
 *(.exceptions.irqreturn.user)
 *(.exceptions.irqreturn)
 *(.exceptions.notirq.label)
 *(.exceptions.notirq.user)
 *(.exceptions.notirq)
 *(.exceptions.soft.user)
 *(.exceptions.soft)
 *(.exceptions.unknown.user)
 *(.exceptions.unknown)
 *(.exceptions.exit.label)
 *(.exceptions.exit.user)
 *(.exceptions.exit)
 *(.exceptions)
                0x0000000000040020                PROVIDE (__ram_exceptions_end = ABSOLUTE (.))
                0x0000000000040020                PROVIDE (__flash_exceptions_start = LOADADDR (.exceptions))

.text           0x0000000000040020      0x1f0
                [!provide]                        PROVIDE (stext = ABSOLUTE (.))
 *(.interp)
 *(.hash)
 *(.dynsym)
 *(.dynstr)
 *(.gnu.version)
 *(.gnu.version_d)
 *(.gnu.version_r)
 *(.rel.init)
 *(.rela.init)
 *(.rel.text .rel.text.* .rel.gnu.linkonce.t.*)
 *(.rela.text .rela.text.* .rela.gnu.linkonce.t.*)
 *(.rel.fini)
 *(.rela.fini)
 *(.rel.rodata .rel.rodata.* .rel.gnu.linkonce.r.*)
 *(.rela.rodata .rela.rodata.* .rela.gnu.linkonce.r.*)
 *(.rel.data .rel.data.* .rel.gnu.linkonce.d.*)
 *(.rela.data .rela.data.* .rela.gnu.linkonce.d.*)
 *(.rel.tdata .rel.tdata.* .rel.gnu.linkonce.td.*)
 *(.rela.tdata .rela.tdata.* .rela.gnu.linkonce.td.*)
 *(.rel.tbss .rel.tbss.* .rel.gnu.linkonce.tb.*)
 *(.rela.tbss .rela.tbss.* .rela.gnu.linkonce.tb.*)
 *(.rel.ctors)
 *(.rela.ctors)
 *(.rel.dtors)
 *(.rela.dtors)
 *(.rel.got)
 *(.rela.got)
 *(.rel.sdata .rel.sdata.* .rel.gnu.linkonce.s.*)
 *(.rela.sdata .rela.sdata.* .rela.gnu.linkonce.s.*)
 *(.rel.sbss .rel.sbss.* .rel.gnu.linkonce.sb.*)
 *(.rela.sbss .rela.sbss.* .rela.gnu.linkonce.sb.*)
 *(.rel.sdata2 .rel.sdata2.* .rel.gnu.linkonce.s2.*)
 *(.rela.sdata2 .rela.sdata2.* .rela.gnu.linkonce.s2.*)
 *(.rel.sbss2 .rel.sbss2.* .rel.gnu.linkonce.sb2.*)
 *(.rela.sbss2 .rela.sbss2.* .rela.gnu.linkonce.sb2.*)
 *(.rel.bss .rel.bss.* .rel.gnu.linkonce.b.*)
 *(.rela.bss .rela.bss.* .rela.gnu.linkonce.b.*)
 *(.rel.plt)
 *(.rela.plt)
 *(.rel.dyn)
 *(.init)
 *(.plt)
 *(.text .stub .text.* .gnu.linkonce.t.*)
 .text          0x0000000000040020       0x3c ../toto1_bsp//obj/HAL/src/crt0.o
                0x0000000000040020                _start
 .text          0x000000000004005c        0x0 obj/default/hello_world_small.o
 .text.startup  0x000000000004005c       0x24 obj/default/hello_world_small.o
                0x000000000004005c                main
 .text          0x0000000000040080       0x84 ../toto1_bsp//libhal_bsp.a(alt_load.o)
                0x0000000000040080                alt_load
 .text          0x0000000000040104       0x2c ../toto1_bsp//libhal_bsp.a(alt_main.o)
                0x0000000000040104                alt_main
 .text          0x0000000000040130       0x38 ../toto1_bsp//libhal_bsp.a(alt_putstr.o)
                0x0000000000040130                alt_putstr
 .text          0x0000000000040168       0x24 ../toto1_bsp//libhal_bsp.a(alt_sys_init.o)
                0x0000000000040168                alt_irq_init
                0x0000000000040188                alt_sys_init
 .text          0x000000000004018c       0x30 ../toto1_bsp//libhal_bsp.a(altera_avalon_jtag_uart_write.o)
                0x000000000004018c                altera_avalon_jtag_uart_write
 .text          0x00000000000401bc        0x4 ../toto1_bsp//libhal_bsp.a(alt_dcache_flush_all.o)
                0x00000000000401bc                alt_dcache_flush_all
 .text          0x00000000000401c0        0x4 ../toto1_bsp//libhal_bsp.a(alt_icache_flush_all.o)
                0x00000000000401c0                alt_icache_flush_all
 .text          0x00000000000401c4        0x8 ../toto1_bsp//libhal_bsp.a(altera_nios2_gen2_irq.o)
                0x00000000000401c4                altera_nios2_gen2_irq_init
 .text          0x00000000000401cc        0x0 /opt/Quartus/Quartus_20_1_1_nios_eds/nios2eds/bin/gnu/H-x86_64-pc-linux-gnu/bin/../lib/gcc/nios2-elf/10.1.1/../../../../../H-x86_64-pc-linux-gnu/nios2-elf/lib/mno-hw-mul/libsmallc.a(lib_a-memcpy.o)
 .text.memcpy   0x00000000000401cc       0x28 /opt/Quartus/Quartus_20_1_1_nios_eds/nios2eds/bin/gnu/H-x86_64-pc-linux-gnu/bin/../lib/gcc/nios2-elf/10.1.1/../../../../../H-x86_64-pc-linux-gnu/nios2-elf/lib/mno-hw-mul/libsmallc.a(lib_a-memcpy.o)
                0x00000000000401cc                memcpy
 .text          0x00000000000401f4        0x0 /opt/Quartus/Quartus_20_1_1_nios_eds/nios2eds/bin/gnu/H-x86_64-pc-linux-gnu/bin/../lib/gcc/nios2-elf/10.1.1/../../../../../H-x86_64-pc-linux-gnu/nios2-elf/lib/mno-hw-mul/libsmallc.a(lib_a-strlen.o)
 .text.strlen   0x00000000000401f4       0x1c /opt/Quartus/Quartus_20_1_1_nios_eds/nios2eds/bin/gnu/H-x86_64-pc-linux-gnu/bin/../lib/gcc/nios2-elf/10.1.1/../../../../../H-x86_64-pc-linux-gnu/nios2-elf/lib/mno-hw-mul/libsmallc.a(lib_a-strlen.o)
                0x00000000000401f4                strlen
 *(.gnu.warning.*)
 *(.fini)
                [!provide]                        PROVIDE (__etext = ABSOLUTE (.))
                [!provide]                        PROVIDE (_etext = ABSOLUTE (.))
                [!provide]                        PROVIDE (etext = ABSOLUTE (.))
 *(.eh_frame_hdr)
                0x0000000000040210                . = ALIGN (0x4)
                [!provide]                        PROVIDE (__preinit_array_start = ABSOLUTE (.))
 *(.preinit_array)
                [!provide]                        PROVIDE (__preinit_array_end = ABSOLUTE (.))
                [!provide]                        PROVIDE (__init_array_start = ABSOLUTE (.))
 *(.init_array)
                [!provide]                        PROVIDE (__init_array_end = ABSOLUTE (.))
                [!provide]                        PROVIDE (__fini_array_start = ABSOLUTE (.))
 *(.fini_array)
                [!provide]                        PROVIDE (__fini_array_end = ABSOLUTE (.))
 *(.eh_frame)
 *(.gcc_except_table .gcc_except_table.*)
 *(.dynamic)
                [!provide]                        PROVIDE (__CTOR_LIST__ = ABSOLUTE (.))
 *(.ctors)
 *(SORT_BY_NAME(.ctors.*))
                [!provide]                        PROVIDE (__CTOR_END__ = ABSOLUTE (.))
                [!provide]                        PROVIDE (__DTOR_LIST__ = ABSOLUTE (.))
 *(.dtors)
 *(SORT_BY_NAME(.dtors.*))
                [!provide]                        PROVIDE (__DTOR_END__ = ABSOLUTE (.))
 *(.jcr)
                0x0000000000040210                . = ALIGN (0x4)

.rodata         0x0000000000040210        0xc
                0x0000000000040210                PROVIDE (__ram_rodata_start = ABSOLUTE (.))
                0x0000000000040210                . = ALIGN (0x4)
 *(.rodata .rodata.* .gnu.linkonce.r.*)
 .rodata.str1.4
                0x0000000000040210        0xb obj/default/hello_world_small.o
 *(.rodata1)
                0x000000000004021c                . = ALIGN (0x4)
 *fill*         0x000000000004021b        0x1 
                0x000000000004021c                PROVIDE (__ram_rodata_end = ABSOLUTE (.))
                0x0000000000040210                PROVIDE (__flash_rodata_start = LOADADDR (.rodata))

.rwdata         0x000000000004021c        0x4 load address 0x0000000000040220
                0x000000000004021c                PROVIDE (__ram_rwdata_start = ABSOLUTE (.))
                0x000000000004021c                . = ALIGN (0x4)
 *(.got.plt)
 *(.got)
 *(.data1)
 *(.data .data.* .gnu.linkonce.d.*)
 .data          0x000000000004021c        0x0 ../toto1_bsp//obj/HAL/src/crt0.o
 .data          0x000000000004021c        0x0 obj/default/hello_world_small.o
 .data          0x000000000004021c        0x0 ../toto1_bsp//libhal_bsp.a(alt_load.o)
 .data          0x000000000004021c        0x0 ../toto1_bsp//libhal_bsp.a(alt_main.o)
 .data          0x000000000004021c        0x0 ../toto1_bsp//libhal_bsp.a(alt_putstr.o)
 .data          0x000000000004021c        0x0 ../toto1_bsp//libhal_bsp.a(alt_sys_init.o)
 .data          0x000000000004021c        0x0 ../toto1_bsp//libhal_bsp.a(altera_avalon_jtag_uart_write.o)
 .data          0x000000000004021c        0x0 ../toto1_bsp//libhal_bsp.a(alt_dcache_flush_all.o)
 .data          0x000000000004021c        0x0 ../toto1_bsp//libhal_bsp.a(alt_icache_flush_all.o)
 .data          0x000000000004021c        0x0 ../toto1_bsp//libhal_bsp.a(altera_nios2_gen2_irq.o)
 .data          0x000000000004021c        0x0 /opt/Quartus/Quartus_20_1_1_nios_eds/nios2eds/bin/gnu/H-x86_64-pc-linux-gnu/bin/../lib/gcc/nios2-elf/10.1.1/../../../../../H-x86_64-pc-linux-gnu/nios2-elf/lib/mno-hw-mul/libsmallc.a(lib_a-memcpy.o)
 .data          0x000000000004021c        0x0 /opt/Quartus/Quartus_20_1_1_nios_eds/nios2eds/bin/gnu/H-x86_64-pc-linux-gnu/bin/../lib/gcc/nios2-elf/10.1.1/../../../../../H-x86_64-pc-linux-gnu/nios2-elf/lib/mno-hw-mul/libsmallc.a(lib_a-strlen.o)
                0x000000000004821c                _gp = ABSOLUTE ((. + 0x8000))
                [!provide]                        PROVIDE (gp = _gp)
 *(.rwdata .rwdata.*)
 *(.sdata .sdata.* .gnu.linkonce.s.*)
 .sdata         0x000000000004021c        0x4 ../toto1_bsp//libhal_bsp.a(alt_sys_init.o)
                0x000000000004021c                jtag_uart_0
 *(.sdata2 .sdata2.* .gnu.linkonce.s2.*)
                0x0000000000040220                . = ALIGN (0x4)
                0x0000000000040220                _edata = ABSOLUTE (.)
                [!provide]                        PROVIDE (edata = ABSOLUTE (.))
                0x0000000000040220                PROVIDE (__ram_rwdata_end = ABSOLUTE (.))
                0x0000000000040220                PROVIDE (__flash_rwdata_start = LOADADDR (.rwdata))

.bss            0x0000000000040224        0xc
                0x0000000000040224                __bss_start = ABSOLUTE (.)
                [!provide]                        PROVIDE (__sbss_start = ABSOLUTE (.))
                [!provide]                        PROVIDE (___sbss_start = ABSOLUTE (.))
 *(.dynsbss)
 *(.sbss .sbss.* .gnu.linkonce.sb.*)
 .sbss          0x0000000000040224        0xc ../toto1_bsp//libhal_bsp.a(alt_main.o)
                0x0000000000040224                alt_envp
                0x0000000000040228                alt_argv
                0x000000000004022c                alt_argc
 *(.sbss2 .sbss2.* .gnu.linkonce.sb2.*)
 *(.scommon)
                [!provide]                        PROVIDE (__sbss_end = ABSOLUTE (.))
                [!provide]                        PROVIDE (___sbss_end = ABSOLUTE (.))
 *(.dynbss)
 *(.bss .bss.* .gnu.linkonce.b.*)
 .bss           0x0000000000040230        0x0 ../toto1_bsp//obj/HAL/src/crt0.o
 .bss           0x0000000000040230        0x0 obj/default/hello_world_small.o
 .bss           0x0000000000040230        0x0 ../toto1_bsp//libhal_bsp.a(alt_load.o)
 .bss           0x0000000000040230        0x0 ../toto1_bsp//libhal_bsp.a(alt_main.o)
 .bss           0x0000000000040230        0x0 ../toto1_bsp//libhal_bsp.a(alt_putstr.o)
 .bss           0x0000000000040230        0x0 ../toto1_bsp//libhal_bsp.a(alt_sys_init.o)
 .bss           0x0000000000040230        0x0 ../toto1_bsp//libhal_bsp.a(altera_avalon_jtag_uart_write.o)
 .bss           0x0000000000040230        0x0 ../toto1_bsp//libhal_bsp.a(alt_dcache_flush_all.o)
 .bss           0x0000000000040230        0x0 ../toto1_bsp//libhal_bsp.a(alt_icache_flush_all.o)
 .bss           0x0000000000040230        0x0 ../toto1_bsp//libhal_bsp.a(altera_nios2_gen2_irq.o)
 .bss           0x0000000000040230        0x0 /opt/Quartus/Quartus_20_1_1_nios_eds/nios2eds/bin/gnu/H-x86_64-pc-linux-gnu/bin/../lib/gcc/nios2-elf/10.1.1/../../../../../H-x86_64-pc-linux-gnu/nios2-elf/lib/mno-hw-mul/libsmallc.a(lib_a-memcpy.o)
 .bss           0x0000000000040230        0x0 /opt/Quartus/Quartus_20_1_1_nios_eds/nios2eds/bin/gnu/H-x86_64-pc-linux-gnu/bin/../lib/gcc/nios2-elf/10.1.1/../../../../../H-x86_64-pc-linux-gnu/nios2-elf/lib/mno-hw-mul/libsmallc.a(lib_a-strlen.o)
 *(COMMON)
                0x0000000000040230                . = ALIGN (0x4)
                0x0000000000040230                __bss_end = ABSOLUTE (.)

.onchip_memory2_0
                0x0000000000040230        0x0
                [!provide]                        PROVIDE (_alt_partition_onchip_memory2_0_start = ABSOLUTE (.))
 *(.onchip_memory2_0 .onchip_memory2_0. onchip_memory2_0.*)
                0x0000000000040230                . = ALIGN (0x4)
                [!provide]                        PROVIDE (_alt_partition_onchip_memory2_0_end = ABSOLUTE (.))
                0x0000000000040230                _end = ABSOLUTE (.)
                0x0000000000040230                end = ABSOLUTE (.)
                0x0000000000040230                __alt_stack_base = ABSOLUTE (.)
                [!provide]                        PROVIDE (_alt_partition_onchip_memory2_0_load_addr = LOADADDR (.onchip_memory2_0))

.stab
 *(.stab)

.stabstr
 *(.stabstr)

.stab.excl
 *(.stab.excl)

.stab.exclstr
 *(.stab.exclstr)

.stab.index
 *(.stab.index)

.stab.indexstr
 *(.stab.indexstr)

.comment        0x0000000000000000       0x2d
 *(.comment)
 .comment       0x0000000000000000       0x2d obj/default/hello_world_small.o
                                         0x2e (size before relaxing)
 .comment       0x000000000000002d       0x2e ../toto1_bsp//libhal_bsp.a(alt_load.o)
 .comment       0x000000000000002d       0x2e ../toto1_bsp//libhal_bsp.a(alt_main.o)
 .comment       0x000000000000002d       0x2e ../toto1_bsp//libhal_bsp.a(alt_putstr.o)
 .comment       0x000000000000002d       0x2e ../toto1_bsp//libhal_bsp.a(alt_sys_init.o)
 .comment       0x000000000000002d       0x2e ../toto1_bsp//libhal_bsp.a(altera_avalon_jtag_uart_write.o)
 .comment       0x000000000000002d       0x2e ../toto1_bsp//libhal_bsp.a(alt_dcache_flush_all.o)
 .comment       0x000000000000002d       0x2e ../toto1_bsp//libhal_bsp.a(alt_icache_flush_all.o)
 .comment       0x000000000000002d       0x2e ../toto1_bsp//libhal_bsp.a(altera_nios2_gen2_irq.o)
 .comment       0x000000000000002d       0x2e /opt/Quartus/Quartus_20_1_1_nios_eds/nios2eds/bin/gnu/H-x86_64-pc-linux-gnu/bin/../lib/gcc/nios2-elf/10.1.1/../../../../../H-x86_64-pc-linux-gnu/nios2-elf/lib/mno-hw-mul/libsmallc.a(lib_a-memcpy.o)
 .comment       0x000000000000002d       0x2e /opt/Quartus/Quartus_20_1_1_nios_eds/nios2eds/bin/gnu/H-x86_64-pc-linux-gnu/bin/../lib/gcc/nios2-elf/10.1.1/../../../../../H-x86_64-pc-linux-gnu/nios2-elf/lib/mno-hw-mul/libsmallc.a(lib_a-strlen.o)

.debug
 *(.debug)

.line
 *(.line)

.debug_srcinfo
 *(.debug_srcinfo)

.debug_sfnames
 *(.debug_sfnames)

.debug_aranges  0x0000000000000000      0x188
 *(.debug_aranges)
 .debug_aranges
                0x0000000000000000       0x28 ../toto1_bsp//obj/HAL/src/crt0.o
 .debug_aranges
                0x0000000000000028       0x20 obj/default/hello_world_small.o
 .debug_aranges
                0x0000000000000048       0x20 ../toto1_bsp//libhal_bsp.a(alt_load.o)
 .debug_aranges
                0x0000000000000068       0x20 ../toto1_bsp//libhal_bsp.a(alt_main.o)
 .debug_aranges
                0x0000000000000088       0x20 ../toto1_bsp//libhal_bsp.a(alt_putstr.o)
 .debug_aranges
                0x00000000000000a8       0x20 ../toto1_bsp//libhal_bsp.a(alt_sys_init.o)
 .debug_aranges
                0x00000000000000c8       0x20 ../toto1_bsp//libhal_bsp.a(altera_avalon_jtag_uart_write.o)
 .debug_aranges
                0x00000000000000e8       0x20 ../toto1_bsp//libhal_bsp.a(alt_dcache_flush_all.o)
 .debug_aranges
                0x0000000000000108       0x20 ../toto1_bsp//libhal_bsp.a(alt_icache_flush_all.o)
 .debug_aranges
                0x0000000000000128       0x20 ../toto1_bsp//libhal_bsp.a(altera_nios2_gen2_irq.o)
 .debug_aranges
                0x0000000000000148       0x20 /opt/Quartus/Quartus_20_1_1_nios_eds/nios2eds/bin/gnu/H-x86_64-pc-linux-gnu/bin/../lib/gcc/nios2-elf/10.1.1/../../../../../H-x86_64-pc-linux-gnu/nios2-elf/lib/mno-hw-mul/libsmallc.a(lib_a-memcpy.o)
 .debug_aranges
                0x0000000000000168       0x20 /opt/Quartus/Quartus_20_1_1_nios_eds/nios2eds/bin/gnu/H-x86_64-pc-linux-gnu/bin/../lib/gcc/nios2-elf/10.1.1/../../../../../H-x86_64-pc-linux-gnu/nios2-elf/lib/mno-hw-mul/libsmallc.a(lib_a-strlen.o)

.debug_pubnames
 *(.debug_pubnames)

.debug_info     0x0000000000000000      0xb9f
 *(.debug_info .gnu.linkonce.wi.*)
 .debug_info    0x0000000000000000       0x22 ../toto1_bsp//obj/HAL/src/crt0.o
 .debug_info    0x0000000000000022       0xab obj/default/hello_world_small.o
 .debug_info    0x00000000000000cd      0x267 ../toto1_bsp//libhal_bsp.a(alt_load.o)
 .debug_info    0x0000000000000334      0x129 ../toto1_bsp//libhal_bsp.a(alt_main.o)
 .debug_info    0x000000000000045d      0x132 ../toto1_bsp//libhal_bsp.a(alt_putstr.o)
 .debug_info    0x000000000000058f      0x12a ../toto1_bsp//libhal_bsp.a(alt_sys_init.o)
 .debug_info    0x00000000000006b9      0x14a ../toto1_bsp//libhal_bsp.a(altera_avalon_jtag_uart_write.o)
 .debug_info    0x0000000000000803       0x8c ../toto1_bsp//libhal_bsp.a(alt_dcache_flush_all.o)
 .debug_info    0x000000000000088f       0x8c ../toto1_bsp//libhal_bsp.a(alt_icache_flush_all.o)
 .debug_info    0x000000000000091b       0x8c ../toto1_bsp//libhal_bsp.a(altera_nios2_gen2_irq.o)
 .debug_info    0x00000000000009a7      0x128 /opt/Quartus/Quartus_20_1_1_nios_eds/nios2eds/bin/gnu/H-x86_64-pc-linux-gnu/bin/../lib/gcc/nios2-elf/10.1.1/../../../../../H-x86_64-pc-linux-gnu/nios2-elf/lib/mno-hw-mul/libsmallc.a(lib_a-memcpy.o)
 .debug_info    0x0000000000000acf       0xd0 /opt/Quartus/Quartus_20_1_1_nios_eds/nios2eds/bin/gnu/H-x86_64-pc-linux-gnu/bin/../lib/gcc/nios2-elf/10.1.1/../../../../../H-x86_64-pc-linux-gnu/nios2-elf/lib/mno-hw-mul/libsmallc.a(lib_a-strlen.o)

.debug_abbrev   0x0000000000000000      0x75c
 *(.debug_abbrev)
 .debug_abbrev  0x0000000000000000       0x12 ../toto1_bsp//obj/HAL/src/crt0.o
 .debug_abbrev  0x0000000000000012       0x7f obj/default/hello_world_small.o
 .debug_abbrev  0x0000000000000091      0x125 ../toto1_bsp//libhal_bsp.a(alt_load.o)
 .debug_abbrev  0x00000000000001b6       0xba ../toto1_bsp//libhal_bsp.a(alt_main.o)
 .debug_abbrev  0x0000000000000270       0xe0 ../toto1_bsp//libhal_bsp.a(alt_putstr.o)
 .debug_abbrev  0x0000000000000350      0x10b ../toto1_bsp//libhal_bsp.a(alt_sys_init.o)
 .debug_abbrev  0x000000000000045b       0xea ../toto1_bsp//libhal_bsp.a(altera_avalon_jtag_uart_write.o)
 .debug_abbrev  0x0000000000000545       0x44 ../toto1_bsp//libhal_bsp.a(alt_dcache_flush_all.o)
 .debug_abbrev  0x0000000000000589       0x44 ../toto1_bsp//libhal_bsp.a(alt_icache_flush_all.o)
 .debug_abbrev  0x00000000000005cd       0x44 ../toto1_bsp//libhal_bsp.a(altera_nios2_gen2_irq.o)
 .debug_abbrev  0x0000000000000611       0xbe /opt/Quartus/Quartus_20_1_1_nios_eds/nios2eds/bin/gnu/H-x86_64-pc-linux-gnu/bin/../lib/gcc/nios2-elf/10.1.1/../../../../../H-x86_64-pc-linux-gnu/nios2-elf/lib/mno-hw-mul/libsmallc.a(lib_a-memcpy.o)
 .debug_abbrev  0x00000000000006cf       0x8d /opt/Quartus/Quartus_20_1_1_nios_eds/nios2eds/bin/gnu/H-x86_64-pc-linux-gnu/bin/../lib/gcc/nios2-elf/10.1.1/../../../../../H-x86_64-pc-linux-gnu/nios2-elf/lib/mno-hw-mul/libsmallc.a(lib_a-strlen.o)

.debug_line     0x0000000000000000      0x981
 *(.debug_line)
 .debug_line    0x0000000000000000       0x66 ../toto1_bsp//obj/HAL/src/crt0.o
 .debug_line    0x0000000000000066       0xb9 obj/default/hello_world_small.o
 .debug_line    0x000000000000011f      0x101 ../toto1_bsp//libhal_bsp.a(alt_load.o)
 .debug_line    0x0000000000000220       0xe0 ../toto1_bsp//libhal_bsp.a(alt_main.o)
 .debug_line    0x0000000000000300       0xcc ../toto1_bsp//libhal_bsp.a(alt_putstr.o)
 .debug_line    0x00000000000003cc       0xd7 ../toto1_bsp//libhal_bsp.a(alt_sys_init.o)
 .debug_line    0x00000000000004a3       0xd6 ../toto1_bsp//libhal_bsp.a(altera_avalon_jtag_uart_write.o)
 .debug_line    0x0000000000000579       0x53 ../toto1_bsp//libhal_bsp.a(alt_dcache_flush_all.o)
 .debug_line    0x00000000000005cc       0x51 ../toto1_bsp//libhal_bsp.a(alt_icache_flush_all.o)
 .debug_line    0x000000000000061d       0x5a ../toto1_bsp//libhal_bsp.a(altera_nios2_gen2_irq.o)
 .debug_line    0x0000000000000677      0x18d /opt/Quartus/Quartus_20_1_1_nios_eds/nios2eds/bin/gnu/H-x86_64-pc-linux-gnu/bin/../lib/gcc/nios2-elf/10.1.1/../../../../../H-x86_64-pc-linux-gnu/nios2-elf/lib/mno-hw-mul/libsmallc.a(lib_a-memcpy.o)
 .debug_line    0x0000000000000804      0x17d /opt/Quartus/Quartus_20_1_1_nios_eds/nios2eds/bin/gnu/H-x86_64-pc-linux-gnu/bin/../lib/gcc/nios2-elf/10.1.1/../../../../../H-x86_64-pc-linux-gnu/nios2-elf/lib/mno-hw-mul/libsmallc.a(lib_a-strlen.o)

.debug_frame    0x0000000000000000      0x1ac
 *(.debug_frame)
 .debug_frame   0x0000000000000000       0x28 obj/default/hello_world_small.o
 .debug_frame   0x0000000000000028       0x2c ../toto1_bsp//libhal_bsp.a(alt_load.o)
 .debug_frame   0x0000000000000054       0x2c ../toto1_bsp//libhal_bsp.a(alt_main.o)
 .debug_frame   0x0000000000000080       0x30 ../toto1_bsp//libhal_bsp.a(alt_putstr.o)
 .debug_frame   0x00000000000000b0       0x3c ../toto1_bsp//libhal_bsp.a(alt_sys_init.o)
 .debug_frame   0x00000000000000ec       0x20 ../toto1_bsp//libhal_bsp.a(altera_avalon_jtag_uart_write.o)
 .debug_frame   0x000000000000010c       0x20 ../toto1_bsp//libhal_bsp.a(alt_dcache_flush_all.o)
 .debug_frame   0x000000000000012c       0x20 ../toto1_bsp//libhal_bsp.a(alt_icache_flush_all.o)
 .debug_frame   0x000000000000014c       0x20 ../toto1_bsp//libhal_bsp.a(altera_nios2_gen2_irq.o)
 .debug_frame   0x000000000000016c       0x20 /opt/Quartus/Quartus_20_1_1_nios_eds/nios2eds/bin/gnu/H-x86_64-pc-linux-gnu/bin/../lib/gcc/nios2-elf/10.1.1/../../../../../H-x86_64-pc-linux-gnu/nios2-elf/lib/mno-hw-mul/libsmallc.a(lib_a-memcpy.o)
 .debug_frame   0x000000000000018c       0x20 /opt/Quartus/Quartus_20_1_1_nios_eds/nios2eds/bin/gnu/H-x86_64-pc-linux-gnu/bin/../lib/gcc/nios2-elf/10.1.1/../../../../../H-x86_64-pc-linux-gnu/nios2-elf/lib/mno-hw-mul/libsmallc.a(lib_a-strlen.o)

.debug_str      0x0000000000000000      0x624
 *(.debug_str)
 .debug_str     0x0000000000000000       0x79 ../toto1_bsp//obj/HAL/src/crt0.o
 .debug_str     0x0000000000000079      0x120 obj/default/hello_world_small.o
                                        0x14c (size before relaxing)
 .debug_str     0x0000000000000199      0x138 ../toto1_bsp//libhal_bsp.a(alt_load.o)
                                        0x276 (size before relaxing)
 .debug_str     0x00000000000002d1       0x5e ../toto1_bsp//libhal_bsp.a(alt_main.o)
                                        0x1a6 (size before relaxing)
 .debug_str     0x000000000000032f       0x66 ../toto1_bsp//libhal_bsp.a(alt_putstr.o)
                                        0x1b4 (size before relaxing)
 .debug_str     0x0000000000000395       0x6b ../toto1_bsp//libhal_bsp.a(alt_sys_init.o)
                                        0x1f4 (size before relaxing)
 .debug_str     0x0000000000000400       0x38 ../toto1_bsp//libhal_bsp.a(altera_avalon_jtag_uart_write.o)
                                        0x1e3 (size before relaxing)
 .debug_str     0x0000000000000438       0x1f ../toto1_bsp//libhal_bsp.a(alt_dcache_flush_all.o)
                                        0x177 (size before relaxing)
 .debug_str     0x0000000000000457       0x1f ../toto1_bsp//libhal_bsp.a(alt_icache_flush_all.o)
                                        0x177 (size before relaxing)
 .debug_str     0x0000000000000476       0x20 ../toto1_bsp//libhal_bsp.a(altera_nios2_gen2_irq.o)
                                        0x17e (size before relaxing)
 .debug_str     0x0000000000000496      0x14f /opt/Quartus/Quartus_20_1_1_nios_eds/nios2eds/bin/gnu/H-x86_64-pc-linux-gnu/bin/../lib/gcc/nios2-elf/10.1.1/../../../../../H-x86_64-pc-linux-gnu/nios2-elf/lib/mno-hw-mul/libsmallc.a(lib_a-memcpy.o)
                                        0x1eb (size before relaxing)
 .debug_str     0x00000000000005e5       0x3f /opt/Quartus/Quartus_20_1_1_nios_eds/nios2eds/bin/gnu/H-x86_64-pc-linux-gnu/bin/../lib/gcc/nios2-elf/10.1.1/../../../../../H-x86_64-pc-linux-gnu/nios2-elf/lib/mno-hw-mul/libsmallc.a(lib_a-strlen.o)
                                        0x1dd (size before relaxing)

.debug_loc      0x0000000000000000      0x265
 *(.debug_loc)
 .debug_loc     0x0000000000000000       0x3f ../toto1_bsp//libhal_bsp.a(alt_putstr.o)
 .debug_loc     0x000000000000003f       0x25 ../toto1_bsp//libhal_bsp.a(alt_sys_init.o)
 .debug_loc     0x0000000000000064       0x93 ../toto1_bsp//libhal_bsp.a(altera_avalon_jtag_uart_write.o)
 .debug_loc     0x00000000000000f7      0x12a /opt/Quartus/Quartus_20_1_1_nios_eds/nios2eds/bin/gnu/H-x86_64-pc-linux-gnu/bin/../lib/gcc/nios2-elf/10.1.1/../../../../../H-x86_64-pc-linux-gnu/nios2-elf/lib/mno-hw-mul/libsmallc.a(lib_a-memcpy.o)
 .debug_loc     0x0000000000000221       0x44 /opt/Quartus/Quartus_20_1_1_nios_eds/nios2eds/bin/gnu/H-x86_64-pc-linux-gnu/bin/../lib/gcc/nios2-elf/10.1.1/../../../../../H-x86_64-pc-linux-gnu/nios2-elf/lib/mno-hw-mul/libsmallc.a(lib_a-strlen.o)

.debug_macinfo
 *(.debug_macinfo)

.debug_weaknames
 *(.debug_weaknames)

.debug_funcnames
 *(.debug_funcnames)

.debug_typenames
 *(.debug_typenames)

.debug_varnames
 *(.debug_varnames)

.debug_alt_sim_info
                0x0000000000000000       0x10
 *(.debug_alt_sim_info)
 .debug_alt_sim_info
                0x0000000000000000       0x10 ../toto1_bsp//obj/HAL/src/crt0.o
                0x0000000000072000                __alt_data_end = 0x72000
                0x0000000000072000                PROVIDE (__alt_stack_pointer = __alt_data_end)
                [!provide]                        PROVIDE (__alt_stack_limit = __alt_stack_base)
                [!provide]                        PROVIDE (__alt_heap_start = end)
                [!provide]                        PROVIDE (__alt_heap_limit = 0x72000)
OUTPUT(toto1.elf elf32-littlenios2)
LOAD linker stubs

.debug_ranges   0x0000000000000000       0x80
 .debug_ranges  0x0000000000000000       0x20 ../toto1_bsp//obj/HAL/src/crt0.o
 .debug_ranges  0x0000000000000020       0x10 obj/default/hello_world_small.o
 .debug_ranges  0x0000000000000030       0x30 ../toto1_bsp//libhal_bsp.a(alt_load.o)
 .debug_ranges  0x0000000000000060       0x10 /opt/Quartus/Quartus_20_1_1_nios_eds/nios2eds/bin/gnu/H-x86_64-pc-linux-gnu/bin/../lib/gcc/nios2-elf/10.1.1/../../../../../H-x86_64-pc-linux-gnu/nios2-elf/lib/mno-hw-mul/libsmallc.a(lib_a-memcpy.o)
 .debug_ranges  0x0000000000000070       0x10 /opt/Quartus/Quartus_20_1_1_nios_eds/nios2eds/bin/gnu/H-x86_64-pc-linux-gnu/bin/../lib/gcc/nios2-elf/10.1.1/../../../../../H-x86_64-pc-linux-gnu/nios2-elf/lib/mno-hw-mul/libsmallc.a(lib_a-strlen.o)
